Global frequency set at 1000000000000 ticks per second
      0: board.pc.south_bridge.cmos.rtc: Real-time clock set to Sun Jan  1 00:00:00 2012
gem5 Simulator System.  https://www.gem5.org
gem5 is copyrighted software; use the --copyright option for details.

gem5 version 24.1.0.3
gem5 compiled Dec  7 2025 15:08:07
gem5 started Dec  7 2025 15:18:50
gem5 executing on labpc-pid, pid 2034982
command line: ./build/X86/gem5.opt configs/example/gem5_library/x86-parsec-benchmarks.py --benchmark=ferret --size=simsmall

Creating MESI Three Level Cache Hierarchy
info: Using default config
Running the simulation
Using KVM cpu
Done booting Linux
Resetting stats at the start of ROI!
switching cpus
17347944263094: board.pc.com_1.device: attach terminal 0
Dump stats at the end of the ROI!
All simulation events were successful.
Done with the simulation

Performance statistics:
Simulated time in ROI: 521773843195
Ran a total of 17.740888011011 simulated seconds
Total wallclock time: 3475.77s, 57.93 min

==========================================================
FINAL L2 MISS LATENCY REPORT (Per Memory Bank)
==========================================================
Config: 16 Banks, 64 bytes per stripe.
Controller: 0
  [Bank 0] EWMA: 19.4806 cycles | Samples: 5191
  [Bank 1] EWMA: 27.7707 cycles | Samples: 4733
  [Bank 2] EWMA: 27.1968 cycles | Samples: 4683
  [Bank 3] EWMA: 31.7484 cycles | Samples: 4989
  [Bank 4] EWMA: 23.6045 cycles | Samples: 5017
  [Bank 5] EWMA: 32.5428 cycles | Samples: 5035
  [Bank 6] EWMA: 31.3272 cycles | Samples: 4833
  [Bank 7] EWMA: 35.8455 cycles | Samples: 4613
  [Bank 8] EWMA: 27.068 cycles | Samples: 4532
  [Bank 9] EWMA: 35.8234 cycles | Samples: 4496
  [Bank 10] EWMA: 40.6241 cycles | Samples: 4680
  [Bank 11] EWMA: 42.864 cycles | Samples: 4478
  [Bank 12] EWMA: 33.0392 cycles | Samples: 5358
  [Bank 13] EWMA: 37.8371 cycles | Samples: 4302
  [Bank 14] EWMA: 39.1101 cycles | Samples: 5461
  [Bank 15] EWMA: 44.4091 cycles | Samples: 5169
----------------------------------------------------------
Controller: 1
  [Bank 0] EWMA: 23.026 cycles | Samples: 12891
  [Bank 1] EWMA: 19 cycles | Samples: 12822
  [Bank 2] EWMA: 25.4565 cycles | Samples: 11549
  [Bank 3] EWMA: 30.3555 cycles | Samples: 11834
  [Bank 4] EWMA: 27.0001 cycles | Samples: 12211
  [Bank 5] EWMA: 26.9875 cycles | Samples: 12119
  [Bank 6] EWMA: 27.0314 cycles | Samples: 10774
  [Bank 7] EWMA: 33.7171 cycles | Samples: 10778
  [Bank 8] EWMA: 31.1102 cycles | Samples: 10978
  [Bank 9] EWMA: 36.4226 cycles | Samples: 11479
  [Bank 10] EWMA: 35.8428 cycles | Samples: 11717
  [Bank 11] EWMA: 36.7901 cycles | Samples: 11277
  [Bank 12] EWMA: 46.5956 cycles | Samples: 11777
  [Bank 13] EWMA: 33.4373 cycles | Samples: 11387
  [Bank 14] EWMA: 35.0213 cycles | Samples: 12233
  [Bank 15] EWMA: 46.0296 cycles | Samples: 11348
----------------------------------------------------------
Controller: 2
  [Bank 0] EWMA: 27.3285 cycles | Samples: 5037
  [Bank 1] EWMA: 23 cycles | Samples: 3975
  [Bank 2] EWMA: 19.0465 cycles | Samples: 3440
  [Bank 3] EWMA: 24.4494 cycles | Samples: 3675
  [Bank 4] EWMA: 31 cycles | Samples: 3675
  [Bank 5] EWMA: 29.3601 cycles | Samples: 3704
  [Bank 6] EWMA: 29.1666 cycles | Samples: 3538
  [Bank 7] EWMA: 28.2529 cycles | Samples: 3372
  [Bank 8] EWMA: 35.0488 cycles | Samples: 3304
  [Bank 9] EWMA: 33.2858 cycles | Samples: 3340
  [Bank 10] EWMA: 30.4553 cycles | Samples: 3493
  [Bank 11] EWMA: 37.1024 cycles | Samples: 3353
  [Bank 12] EWMA: 48.8568 cycles | Samples: 3824
  [Bank 13] EWMA: 40.1199 cycles | Samples: 3352
  [Bank 14] EWMA: 31.0728 cycles | Samples: 4841
  [Bank 15] EWMA: 45.588 cycles | Samples: 3925
----------------------------------------------------------
Controller: 3
  [Bank 0] EWMA: 31.053 cycles | Samples: 17144
  [Bank 1] EWMA: 27 cycles | Samples: 15639
  [Bank 2] EWMA: 31.6227 cycles | Samples: 14693
  [Bank 3] EWMA: 19.1292 cycles | Samples: 15006
  [Bank 4] EWMA: 35 cycles | Samples: 14712
  [Bank 5] EWMA: 33.7541 cycles | Samples: 14588
  [Bank 6] EWMA: 27.1 cycles | Samples: 14492
  [Bank 7] EWMA: 23.4735 cycles | Samples: 14567
  [Bank 8] EWMA: 39.1006 cycles | Samples: 14243
  [Bank 9] EWMA: 41.6331 cycles | Samples: 14585
  [Bank 10] EWMA: 34.3185 cycles | Samples: 14321
  [Bank 11] EWMA: 30.1626 cycles | Samples: 14044
  [Bank 12] EWMA: 52.3916 cycles | Samples: 14724
  [Bank 13] EWMA: 42.581 cycles | Samples: 13976
  [Bank 14] EWMA: 35.2523 cycles | Samples: 16178
  [Bank 15] EWMA: 43.8418 cycles | Samples: 16233
----------------------------------------------------------
Controller: 4
  [Bank 0] EWMA: 23.0004 cycles | Samples: 5058
  [Bank 1] EWMA: 27 cycles | Samples: 4302
  [Bank 2] EWMA: 31.6864 cycles | Samples: 3923
  [Bank 3] EWMA: 36.9644 cycles | Samples: 4837
  [Bank 4] EWMA: 19.0012 cycles | Samples: 5391
  [Bank 5] EWMA: 27.3041 cycles | Samples: 4609
  [Bank 6] EWMA: 30.914 cycles | Samples: 3907
  [Bank 7] EWMA: 31.1887 cycles | Samples: 4238
  [Bank 8] EWMA: 27.1342 cycles | Samples: 3837
  [Bank 9] EWMA: 27.0565 cycles | Samples: 3749
  [Bank 10] EWMA: 34.9218 cycles | Samples: 3846
  [Bank 11] EWMA: 40.5211 cycles | Samples: 3746
  [Bank 12] EWMA: 28.3533 cycles | Samples: 3928
  [Bank 13] EWMA: 31.0532 cycles | Samples: 3673
  [Bank 14] EWMA: 35.0028 cycles | Samples: 4642
  [Bank 15] EWMA: 40.2207 cycles | Samples: 4005
----------------------------------------------------------
Controller: 5
  [Bank 0] EWMA: 38.3764 cycles | Samples: 9143
  [Bank 1] EWMA: 37 cycles | Samples: 8191
  [Bank 2] EWMA: 36.7124 cycles | Samples: 7320
  [Bank 3] EWMA: 31.0408 cycles | Samples: 7691
  [Bank 4] EWMA: 23 cycles | Samples: 7625
  [Bank 5] EWMA: 36.9348 cycles | Samples: 7633
  [Bank 6] EWMA: 34.369 cycles | Samples: 7016
  [Bank 7] EWMA: 32.9124 cycles | Samples: 7104
  [Bank 8] EWMA: 38.5459 cycles | Samples: 7087
  [Bank 9] EWMA: 28.6817 cycles | Samples: 7204
  [Bank 10] EWMA: 36.8106 cycles | Samples: 7014
  [Bank 11] EWMA: 40.8024 cycles | Samples: 6729
  [Bank 12] EWMA: 43.0572 cycles | Samples: 7039
  [Bank 13] EWMA: 28.7511 cycles | Samples: 6795
  [Bank 14] EWMA: 48.8676 cycles | Samples: 8181
  [Bank 15] EWMA: 45.6977 cycles | Samples: 7720
----------------------------------------------------------
Controller: 6
  [Bank 0] EWMA: 31 cycles | Samples: 5587
  [Bank 1] EWMA: 32.0688 cycles | Samples: 4165
  [Bank 2] EWMA: 23.4929 cycles | Samples: 3348
  [Bank 3] EWMA: 42.9444 cycles | Samples: 3579
  [Bank 4] EWMA: 29.8032 cycles | Samples: 3643
  [Bank 5] EWMA: 37.0094 cycles | Samples: 3726
  [Bank 6] EWMA: 25.8585 cycles | Samples: 3463
  [Bank 7] EWMA: 36.1429 cycles | Samples: 3309
  [Bank 8] EWMA: 43.8969 cycles | Samples: 3330
  [Bank 9] EWMA: 34.6431 cycles | Samples: 3254
  [Bank 10] EWMA: 33.3046 cycles | Samples: 3608
  [Bank 11] EWMA: 41.2928 cycles | Samples: 3343
  [Bank 12] EWMA: 44.9949 cycles | Samples: 4323
  [Bank 13] EWMA: 37.5713 cycles | Samples: 3171
  [Bank 14] EWMA: 27.0003 cycles | Samples: 5345
  [Bank 15] EWMA: 43.0203 cycles | Samples: 4528
----------------------------------------------------------
Controller: 7
  [Bank 0] EWMA: 36.9998 cycles | Samples: 3732
  [Bank 1] EWMA: 36.4389 cycles | Samples: 2773
  [Bank 2] EWMA: 30.0195 cycles | Samples: 2309
  [Bank 3] EWMA: 29.785 cycles | Samples: 2520
  [Bank 4] EWMA: 33.1547 cycles | Samples: 2534
  [Bank 5] EWMA: 32.8474 cycles | Samples: 2480
  [Bank 6] EWMA: 27.159 cycles | Samples: 2368
  [Bank 7] EWMA: 24.849 cycles | Samples: 2344
  [Bank 8] EWMA: 40.726 cycles | Samples: 2198
  [Bank 9] EWMA: 35.7367 cycles | Samples: 2141
  [Bank 10] EWMA: 32.3743 cycles | Samples: 2207
  [Bank 11] EWMA: 34.548 cycles | Samples: 2161
  [Bank 12] EWMA: 42.4425 cycles | Samples: 2481
  [Bank 13] EWMA: 36.4574 cycles | Samples: 2008
  [Bank 14] EWMA: 33.6453 cycles | Samples: 3077
  [Bank 15] EWMA: 34.7735 cycles | Samples: 2450
----------------------------------------------------------
Controller: 8
  [Bank 0] EWMA: 32.4157 cycles | Samples: 14634
  [Bank 1] EWMA: 38.4589 cycles | Samples: 13882
  [Bank 2] EWMA: 39.4547 cycles | Samples: 13259
  [Bank 3] EWMA: 39.0121 cycles | Samples: 13190
  [Bank 4] EWMA: 31.9843 cycles | Samples: 13181
  [Bank 5] EWMA: 41.4979 cycles | Samples: 13466
  [Bank 6] EWMA: 39.3953 cycles | Samples: 12753
  [Bank 7] EWMA: 41.3592 cycles | Samples: 12492
  [Bank 8] EWMA: 19.6932 cycles | Samples: 12326
  [Bank 9] EWMA: 33.5841 cycles | Samples: 12823
  [Bank 10] EWMA: 35.837 cycles | Samples: 12895
  [Bank 11] EWMA: 36.0426 cycles | Samples: 12185
  [Bank 12] EWMA: 31.9062 cycles | Samples: 13023
  [Bank 13] EWMA: 34.3581 cycles | Samples: 12507
  [Bank 14] EWMA: 31.1047 cycles | Samples: 13826
  [Bank 15] EWMA: 39.5236 cycles | Samples: 12917
----------------------------------------------------------
Controller: 9
  [Bank 0] EWMA: 33.2307 cycles | Samples: 5244
  [Bank 1] EWMA: 27 cycles | Samples: 4529
  [Bank 2] EWMA: 32.1944 cycles | Samples: 3973
  [Bank 3] EWMA: 39.8667 cycles | Samples: 4166
  [Bank 4] EWMA: 28.8217 cycles | Samples: 4123
  [Bank 5] EWMA: 25.4223 cycles | Samples: 4204
  [Bank 6] EWMA: 27.1279 cycles | Samples: 3931
  [Bank 7] EWMA: 34.1838 cycles | Samples: 3800
  [Bank 8] EWMA: 23.5693 cycles | Samples: 3867
  [Bank 9] EWMA: 19.3356 cycles | Samples: 3808
  [Bank 10] EWMA: 31.0445 cycles | Samples: 3864
  [Bank 11] EWMA: 32.6728 cycles | Samples: 3848
  [Bank 12] EWMA: 38.6734 cycles | Samples: 4117
  [Bank 13] EWMA: 23.116 cycles | Samples: 3768
  [Bank 14] EWMA: 32.1708 cycles | Samples: 4919
  [Bank 15] EWMA: 43.001 cycles | Samples: 4181
----------------------------------------------------------
Controller: 10
  [Bank 0] EWMA: 40.3403 cycles | Samples: 14564
  [Bank 1] EWMA: 36.2106 cycles | Samples: 11745
  [Bank 2] EWMA: 40.8096 cycles | Samples: 10919
  [Bank 3] EWMA: 31.5064 cycles | Samples: 11351
  [Bank 4] EWMA: 33.696 cycles | Samples: 11041
  [Bank 5] EWMA: 36.6685 cycles | Samples: 11064
  [Bank 6] EWMA: 37.039 cycles | Samples: 10665
  [Bank 7] EWMA: 38.2513 cycles | Samples: 10948
  [Bank 8] EWMA: 35.4108 cycles | Samples: 10622
  [Bank 9] EWMA: 23.8128 cycles | Samples: 10745
  [Bank 10] EWMA: 26.1841 cycles | Samples: 10626
  [Bank 11] EWMA: 24.1607 cycles | Samples: 10898
  [Bank 12] EWMA: 36.4628 cycles | Samples: 11468
  [Bank 13] EWMA: 34.5064 cycles | Samples: 10871
  [Bank 14] EWMA: 23.0004 cycles | Samples: 11792
  [Bank 15] EWMA: 46.3841 cycles | Samples: 11569
----------------------------------------------------------
Controller: 11
  [Bank 0] EWMA: 40.6368 cycles | Samples: 10658
  [Bank 1] EWMA: 35.8596 cycles | Samples: 9537
  [Bank 2] EWMA: 31.2555 cycles | Samples: 10993
  [Bank 3] EWMA: 28.8102 cycles | Samples: 9356
  [Bank 4] EWMA: 38.2844 cycles | Samples: 9230
  [Bank 5] EWMA: 31.4154 cycles | Samples: 9311
  [Bank 6] EWMA: 27.223 cycles | Samples: 9178
  [Bank 7] EWMA: 23.4409 cycles | Samples: 8787
  [Bank 8] EWMA: 31.6099 cycles | Samples: 8770
  [Bank 9] EWMA: 27.4404 cycles | Samples: 8781
  [Bank 10] EWMA: 23.7864 cycles | Samples: 8853
  [Bank 11] EWMA: 19.262 cycles | Samples: 8637
  [Bank 12] EWMA: 42.2484 cycles | Samples: 8992
  [Bank 13] EWMA: 31.0189 cycles | Samples: 8718
  [Bank 14] EWMA: 32.5499 cycles | Samples: 9495
  [Bank 15] EWMA: 36.9036 cycles | Samples: 8845
----------------------------------------------------------
Controller: 12
  [Bank 0] EWMA: 32.1104 cycles | Samples: 6486
  [Bank 1] EWMA: 35.6061 cycles | Samples: 5231
  [Bank 2] EWMA: 39.8183 cycles | Samples: 5005
  [Bank 3] EWMA: 43.4013 cycles | Samples: 4611
  [Bank 4] EWMA: 27.5461 cycles | Samples: 4759
  [Bank 5] EWMA: 31.6313 cycles | Samples: 4628
  [Bank 6] EWMA: 35.47 cycles | Samples: 4530
  [Bank 7] EWMA: 40.4023 cycles | Samples: 4636
  [Bank 8] EWMA: 23.5518 cycles | Samples: 4559
  [Bank 9] EWMA: 27.5733 cycles | Samples: 4499
  [Bank 10] EWMA: 31.2321 cycles | Samples: 5197
  [Bank 11] EWMA: 35.4524 cycles | Samples: 4409
  [Bank 12] EWMA: 19.4274 cycles | Samples: 4785
  [Bank 13] EWMA: 23.7093 cycles | Samples: 4449
  [Bank 14] EWMA: 27.599 cycles | Samples: 5634
  [Bank 15] EWMA: 31.8155 cycles | Samples: 5498
----------------------------------------------------------
Controller: 13
  [Bank 0] EWMA: 35 cycles | Samples: 8658
  [Bank 1] EWMA: 31 cycles | Samples: 8269
  [Bank 2] EWMA: 39.2023 cycles | Samples: 7215
  [Bank 3] EWMA: 39.2638 cycles | Samples: 7690
  [Bank 4] EWMA: 31.002 cycles | Samples: 7965
  [Bank 5] EWMA: 29.5692 cycles | Samples: 8038
  [Bank 6] EWMA: 31.0152 cycles | Samples: 7361
  [Bank 7] EWMA: 35.2012 cycles | Samples: 7543
  [Bank 8] EWMA: 27.2088 cycles | Samples: 7024
  [Bank 9] EWMA: 23.6623 cycles | Samples: 7497
  [Bank 10] EWMA: 34.7426 cycles | Samples: 7394
  [Bank 11] EWMA: 36.9071 cycles | Samples: 7021
  [Bank 12] EWMA: 36.416 cycles | Samples: 7505
  [Bank 13] EWMA: 19.242 cycles | Samples: 6844
  [Bank 14] EWMA: 23.0052 cycles | Samples: 8122
  [Bank 15] EWMA: 39.638 cycles | Samples: 7724
----------------------------------------------------------
Controller: 14
  [Bank 0] EWMA: 39 cycles | Samples: 10310
  [Bank 1] EWMA: 35 cycles | Samples: 9227
  [Bank 2] EWMA: 31.0032 cycles | Samples: 8586
  [Bank 3] EWMA: 35.0339 cycles | Samples: 8876
  [Bank 4] EWMA: 35 cycles | Samples: 8776
  [Bank 5] EWMA: 31.3374 cycles | Samples: 8736
  [Bank 6] EWMA: 27.0159 cycles | Samples: 8520
  [Bank 7] EWMA: 31.1149 cycles | Samples: 8508
  [Bank 8] EWMA: 31.2238 cycles | Samples: 8424
  [Bank 9] EWMA: 30.0097 cycles | Samples: 8603
  [Bank 10] EWMA: 34.6077 cycles | Samples: 8472
  [Bank 11] EWMA: 27.4075 cycles | Samples: 8308
  [Bank 12] EWMA: 39.7447 cycles | Samples: 8886
  [Bank 13] EWMA: 23.3656 cycles | Samples: 8341
  [Bank 14] EWMA: 19.0083 cycles | Samples: 9760
  [Bank 15] EWMA: 36.2286 cycles | Samples: 9013
----------------------------------------------------------
Controller: 15
  [Bank 0] EWMA: 43.0003 cycles | Samples: 11972
  [Bank 1] EWMA: 39 cycles | Samples: 10605
  [Bank 2] EWMA: 35.5463 cycles | Samples: 10042
  [Bank 3] EWMA: 31.0314 cycles | Samples: 10102
  [Bank 4] EWMA: 39.0011 cycles | Samples: 10746
  [Bank 5] EWMA: 39.2733 cycles | Samples: 10758
  [Bank 6] EWMA: 32.4779 cycles | Samples: 9656
  [Bank 7] EWMA: 27.1751 cycles | Samples: 9405
  [Bank 8] EWMA: 35.1606 cycles | Samples: 9309
  [Bank 9] EWMA: 38.1486 cycles | Samples: 9976
  [Bank 10] EWMA: 38.4718 cycles | Samples: 10479
  [Bank 11] EWMA: 32.9401 cycles | Samples: 9447
  [Bank 12] EWMA: 41.678 cycles | Samples: 10664
  [Bank 13] EWMA: 30.2373 cycles | Samples: 9970
  [Bank 14] EWMA: 23.0096 cycles | Samples: 11067
  [Bank 15] EWMA: 34.144 cycles | Samples: 10486
----------------------------------------------------------
